---
source: crates/oxc_angular_compiler/tests/integration_test.rs
assertion_line: 6486
expression: result.code
---

import { Injectable } from '@angular/core';
import { State, Action, Selector } from '@ngxs/store';
import { __decorate } from "tslib";

let TodoState = class TodoState {
    static todos(state: any): any[] { return state.items; }

    add(ctx: any, action: any) { ctx.setState(action); }
};
__decorate([Selector()], TodoState, "todos", null);
__decorate([Action(AddTodo)], TodoState.prototype, "add", null);
TodoState = __decorate([
    State({ name: 'todo' }),
    Injectable()
], TodoState);
export { TodoState };
